

================================================================
== Vivado HLS Report for 'CvtColor_1'
================================================================
* Date:           Tue Jan 21 09:50:08 2025

* Version:        2018.3 (Build 2405991 on Thu Dec 06 23:56:15 MST 2018)
* Project:        filterSobel
* Solution:       solution1
* Product family: zynq
* Target device:  xc7z045ffg900-2


================================================================
== Performance Estimates
================================================================
+ Timing (ns): 
    * Summary: 
    +--------+-------+----------+------------+
    |  Clock | Target| Estimated| Uncertainty|
    +--------+-------+----------+------------+
    |ap_clk  |  10.00|    10.386|        1.25|
    +--------+-------+----------+------------+

+ Latency (clock cycles): 
    * Summary: 
    +-----+-------+-----+-------+---------+
    |   Latency   |   Interval  | Pipeline|
    | min |  max  | min |  max  |   Type  |
    +-----+-------+-----+-------+---------+
    |    1|  51976|    1|  51976|   none  |
    +-----+-------+-----+-------+---------+

    + Detail: 
        * Instance: 
        N/A

        * Loop: 
        +---------------+-----+-------+----------+-----------+-----------+---------+----------+
        |               |   Latency   | Iteration|  Initiation Interval  |   Trip  |          |
        |   Loop Name   | min |  max  |  Latency |  achieved |   target  |  Count  | Pipelined|
        +---------------+-----+-------+----------+-----------+-----------+---------+----------+
        |- loop_height  |    0|  51975|  3 ~ 231 |          -|          -| 0 ~ 225 |    no    |
        | + loop_width  |    0|    228|         5|          1|          1| 0 ~ 225 |    yes   |
        +---------------+-----+-------+----------+-----------+-----------+---------+----------+



================================================================
== Utilization Estimates
================================================================
* Summary: 
+-----------------+---------+-------+--------+--------+
|       Name      | BRAM_18K| DSP48E|   FF   |   LUT  |
+-----------------+---------+-------+--------+--------+
|DSP              |        -|      3|       -|       -|
|Expression       |        -|      -|       0|      53|
|FIFO             |        -|      -|       -|       -|
|Instance         |        -|      -|       -|       -|
|Memory           |        -|      -|       -|       -|
|Multiplexer      |        -|      -|       -|      40|
|Register         |        0|      -|     195|      32|
+-----------------+---------+-------+--------+--------+
|Total            |        0|      3|     195|     125|
+-----------------+---------+-------+--------+--------+
|Available        |     1090|    900|  437200|  218600|
+-----------------+---------+-------+--------+--------+
|Utilization (%)  |        0|   ~0  |   ~0   |   ~0   |
+-----------------+---------+-------+--------+--------+

+ Detail: 
    * Instance: 
    N/A

    * DSP48: 
    +--------------------------+----------------------+--------------+
    |         Instance         |        Module        |  Expression  |
    +--------------------------+----------------------+--------------+
    |image_filter_mac_cud_U20  |image_filter_mac_cud  | i0 * i1 + i2 |
    |image_filter_mac_dEe_U21  |image_filter_mac_dEe  | i0 + i1 * i2 |
    |image_filter_mul_bkb_U19  |image_filter_mul_bkb  |    i0 * i1   |
    +--------------------------+----------------------+--------------+

    * Memory: 
    N/A

    * FIFO: 
    N/A

    * Expression: 
    +----------------------------------+----------+-------+---+----+------------+------------+
    |           Variable Name          | Operation| DSP48E| FF| LUT| Bitwidth P0| Bitwidth P1|
    +----------------------------------+----------+-------+---+----+------------+------------+
    |i_fu_224_p2                       |     +    |      0|  0|   8|           8|           1|
    |j_fu_239_p2                       |     +    |      0|  0|   8|           8|           1|
    |p_Val2_10_fu_277_p2               |     +    |      0|  0|   8|           8|           8|
    |ap_block_state7_pp0_stage0_iter4  |    and   |      0|  0|   1|           1|           1|
    |tmp_70_i_fu_234_p2                |   icmp   |      0|  0|   5|           9|           9|
    |tmp_i_fu_219_p2                   |   icmp   |      0|  0|   5|           9|           9|
    |ap_block_pp0_stage0_01001         |    or    |      0|  0|   1|           1|           1|
    |ap_block_state1                   |    or    |      0|  0|   1|           1|           1|
    |ap_block_state4_pp0_stage0_iter1  |    or    |      0|  0|   1|           1|           1|
    |deleted_zeros_fu_304_p2           |    or    |      0|  0|   1|           1|           1|
    |p_Val2_s_fu_310_p3                |  select  |      0|  0|   8|           1|           8|
    |ap_enable_pp0                     |    xor   |      0|  0|   2|           1|           2|
    |ap_enable_reg_pp0_iter1           |    xor   |      0|  0|   2|           2|           1|
    |rev_fu_290_p2                     |    xor   |      0|  0|   2|           1|           2|
    +----------------------------------+----------+-------+---+----+------------+------------+
    |Total                             |          |      0|  0|  53|          52|          46|
    +----------------------------------+----------+-------+---+----+------------+------------+

    * Multiplexer: 
    +-----------------------------+----+-----------+-----+-----------+
    |             Name            | LUT| Input Size| Bits| Total Bits|
    +-----------------------------+----+-----------+-----+-----------+
    |ap_NS_fsm                    |   4|          5|    1|          5|
    |ap_done                      |   3|          2|    1|          2|
    |ap_enable_reg_pp0_iter1      |   3|          2|    1|          2|
    |ap_enable_reg_pp0_iter4      |   3|          2|    1|          2|
    |i_i_reg_193                  |   3|          2|    8|         16|
    |j_i_reg_204                  |   3|          2|    8|         16|
    |p_dst_data_stream_V_blk_n    |   3|          2|    1|          2|
    |p_src_cols_V_blk_n           |   3|          2|    1|          2|
    |p_src_data_stream_0_V_blk_n  |   3|          2|    1|          2|
    |p_src_data_stream_1_V_blk_n  |   3|          2|    1|          2|
    |p_src_data_stream_2_V_blk_n  |   3|          2|    1|          2|
    |p_src_rows_V_blk_n           |   3|          2|    1|          2|
    |real_start                   |   3|          2|    1|          2|
    +-----------------------------+----+-----------+-----+-----------+
    |Total                        |  40|         29|   27|         57|
    +-----------------------------+----+-----------+-----+-----------+

    * Register: 
    +------------------------------+----+----+-----+-----------+
    |             Name             | FF | LUT| Bits| Const Bits|
    +------------------------------+----+----+-----+-----------+
    |ap_CS_fsm                     |   4|   0|    4|          0|
    |ap_done_reg                   |   1|   0|    1|          0|
    |ap_enable_reg_pp0_iter0       |   1|   0|    1|          0|
    |ap_enable_reg_pp0_iter1       |   1|   0|    1|          0|
    |ap_enable_reg_pp0_iter2       |   1|   0|    1|          0|
    |ap_enable_reg_pp0_iter3       |   1|   0|    1|          0|
    |ap_enable_reg_pp0_iter4       |   1|   0|    1|          0|
    |i_i_reg_193                   |   8|   0|    8|          0|
    |i_reg_357                     |   8|   0|    8|          0|
    |j_i_reg_204                   |   8|   0|    8|          0|
    |p_Val2_s_reg_391              |   8|   0|    8|          0|
    |p_src_cols_V_read_reg_343     |   9|   0|    9|          0|
    |p_src_rows_V_read_reg_348     |   9|   0|    9|          0|
    |r_V_4_i_i_reg_386             |  29|   0|   29|          0|
    |start_once_reg                |   1|   0|    1|          0|
    |tmp_70_i_reg_362              |   1|   0|    1|          0|
    |tmp_84_reg_371                |   8|   0|    8|          0|
    |tmp_84_reg_371_pp0_iter2_reg  |   8|   0|    8|          0|
    |tmp_85_reg_376                |   8|   0|    8|          0|
    |tmp_85_reg_376_pp0_iter2_reg  |   8|   0|    8|          0|
    |tmp_86_reg_381                |   8|   0|    8|          0|
    |tmp_70_i_reg_362              |  64|  32|    1|          0|
    +------------------------------+----+----+-----+-----------+
    |Total                         | 195|  32|  132|          0|
    +------------------------------+----+----+-----+-----------+



================================================================
== Interface
================================================================
* Summary: 
+-------------------------------+-----+-----+------------+-----------------------+--------------+
|           RTL Ports           | Dir | Bits|  Protocol  |     Source Object     |    C Type    |
+-------------------------------+-----+-----+------------+-----------------------+--------------+
|ap_clk                         |  in |    1| ap_ctrl_hs |       CvtColor.1      | return value |
|ap_rst                         |  in |    1| ap_ctrl_hs |       CvtColor.1      | return value |
|ap_start                       |  in |    1| ap_ctrl_hs |       CvtColor.1      | return value |
|start_full_n                   |  in |    1| ap_ctrl_hs |       CvtColor.1      | return value |
|ap_done                        | out |    1| ap_ctrl_hs |       CvtColor.1      | return value |
|ap_continue                    |  in |    1| ap_ctrl_hs |       CvtColor.1      | return value |
|ap_idle                        | out |    1| ap_ctrl_hs |       CvtColor.1      | return value |
|ap_ready                       | out |    1| ap_ctrl_hs |       CvtColor.1      | return value |
|start_out                      | out |    1| ap_ctrl_hs |       CvtColor.1      | return value |
|start_write                    | out |    1| ap_ctrl_hs |       CvtColor.1      | return value |
|p_src_rows_V_dout              |  in |    9|   ap_fifo  |      p_src_rows_V     |    pointer   |
|p_src_rows_V_empty_n           |  in |    1|   ap_fifo  |      p_src_rows_V     |    pointer   |
|p_src_rows_V_read              | out |    1|   ap_fifo  |      p_src_rows_V     |    pointer   |
|p_src_cols_V_dout              |  in |    9|   ap_fifo  |      p_src_cols_V     |    pointer   |
|p_src_cols_V_empty_n           |  in |    1|   ap_fifo  |      p_src_cols_V     |    pointer   |
|p_src_cols_V_read              | out |    1|   ap_fifo  |      p_src_cols_V     |    pointer   |
|p_src_data_stream_0_V_dout     |  in |    8|   ap_fifo  | p_src_data_stream_0_V |    pointer   |
|p_src_data_stream_0_V_empty_n  |  in |    1|   ap_fifo  | p_src_data_stream_0_V |    pointer   |
|p_src_data_stream_0_V_read     | out |    1|   ap_fifo  | p_src_data_stream_0_V |    pointer   |
|p_src_data_stream_1_V_dout     |  in |    8|   ap_fifo  | p_src_data_stream_1_V |    pointer   |
|p_src_data_stream_1_V_empty_n  |  in |    1|   ap_fifo  | p_src_data_stream_1_V |    pointer   |
|p_src_data_stream_1_V_read     | out |    1|   ap_fifo  | p_src_data_stream_1_V |    pointer   |
|p_src_data_stream_2_V_dout     |  in |    8|   ap_fifo  | p_src_data_stream_2_V |    pointer   |
|p_src_data_stream_2_V_empty_n  |  in |    1|   ap_fifo  | p_src_data_stream_2_V |    pointer   |
|p_src_data_stream_2_V_read     | out |    1|   ap_fifo  | p_src_data_stream_2_V |    pointer   |
|p_dst_data_stream_V_din        | out |    8|   ap_fifo  |  p_dst_data_stream_V  |    pointer   |
|p_dst_data_stream_V_full_n     |  in |    1|   ap_fifo  |  p_dst_data_stream_V  |    pointer   |
|p_dst_data_stream_V_write      | out |    1|   ap_fifo  |  p_dst_data_stream_V  |    pointer   |
+-------------------------------+-----+-----+------------+-----------------------+--------------+

